// Jest Snapshot v1, https://goo.gl/fbAQLP

exports[`Translation snapshot test 1`] = `
<span>
  Translated Text
</span>
`;
