// Jest Snapshot v1, https://goo.gl/fbAQLP

exports[`Badge snapshot test 1`] = `
<span
  className="rui badge"
  style={
    Object {
      "display": "inline-flex",
    }
  }
>
  <Translation
    defaultValue="Text to display"
    i18nKey="path.to.i18n.key"
  />
</span>
`;
